Command line:
   reg8_isim_beh.exe
     -simmode  gui
     -simrunnum  0
     -socket  42766

Tue Nov 18 18:31:24 2025


 Elaboration Time: 0.02 sec

 Current Memory Usage: 196.432 Meg

 Total Signals          : 5
 Total Nets             : 19
 Total Signal Drivers   : 1
 Total Blocks           : 2
 Total Primitive Blocks : 2
 Total Processes        : 1
 Total Traceable Variables  : 9
 Total Scalar Nets and Variables : 380
Total Line Count : 5

 Total Simulation Time: 0.03 sec

 Current Memory Usage: 274.031 Meg

Tue Nov 18 18:31:33 2025

