Running: /opt/Xilinx/14.7/ISE_DS/ISE/bin/lin64/unwrapped/fuse -intstyle ise -incremental -o /home/ise/ISEshared/8085/8085/mikroislemci_8085_out6/mikroislemci_8085_out/top_8085_with_mem_isim_beh.exe -prj /home/ise/ISEshared/8085/8085/mikroislemci_8085_out6/mikroislemci_8085_out/top_8085_with_mem_beh.prj work.top_8085_with_mem 
ISim P.20131013 (signature 0xfbc00daa)
Number of CPUs detected in this system: 1
Turning on mult-threading, number of parallel sub-compilation jobs: 0 
Determining compilation order of HDL files
Parsing VHDL file "/home/ise/ISEshared/8085/8085/mikroislemci_8085_out6/mikroislemci_8085_out/memory32k.vhd" into library work
Parsing VHDL file "/home/ise/ISEshared/8085/8085/mikroislemci_8085_out6/mikroislemci_8085_out/led_interface.vhd" into library work
Parsing VHDL file "/home/ise/ISEshared/8085/8085/mikroislemci_8085_out6/mikroislemci_8085_out/latch8.vhd" into library work
Parsing VHDL file "/home/ise/ISEshared/8085/8085/mikroislemci_8085_out6/mikroislemci_8085_out/cpu_8085.vhd" into library work
Parsing VHDL file "/home/ise/ISEshared/8085/8085/mikroislemci_8085_out6/mikroislemci_8085_out/clk_divider.vhd" into library work
Parsing VHDL file "/home/ise/ISEshared/8085/8085/mikroislemci_8085_out6/mikroislemci_8085_out/top_8085_with_mem.vhd" into library work
WARNING:HDLCompiler:946 - "/home/ise/ISEshared/8085/8085/mikroislemci_8085_out6/mikroislemci_8085_out/top_8085_with_mem.vhd" Line 132: Actual for formal port cpu_reset is neither a static name nor a globally static expression
Starting static elaboration
Completed static elaboration
Fuse Memory Usage: 99748 KB
Fuse CPU Usage: 1320 ms
Compiling package standard
Compiling package std_logic_1164
Compiling package numeric_std
Compiling architecture rtl of entity clk_divider [clk_divider_default]
Compiling package std_logic_arith
Compiling package std_logic_unsigned
Compiling architecture behav of entity trans_latch [trans_latch_default]
Compiling architecture behav of entity COUNTER05 [\COUNTER05(4)\]
Compiling architecture behav of entity reg8 [\reg8(7)\]
Compiling architecture behav of entity add_latch_high [\add_latch_high(7)\]
Compiling architecture behav of entity FULLADD [fulladd_default]
Compiling architecture struct of entity adder8 [\adder8(7)\]
Compiling architecture behav of entity alu [\alu(7,3)\]
Compiling architecture behav of entity SP [sp_default]
Compiling architecture behav of entity CELLPC [cellpc_default]
Compiling architecture struct of entity pcl [\pcl(7)\]
Compiling architecture struct of entity pch [\pch(7)\]
Compiling architecture behav of entity REG_ARR [\REG_ARR(7,4)\]
Compiling architecture behav of entity cpu_control [cpu_control_default]
Compiling architecture behav of entity TRI_ARR [tri_arr_default]
Compiling architecture behav of entity MUX2X1_VEC [mux2x1_vec_default]
Compiling architecture behav of entity cpu_8085 [cpu_8085_default]
Compiling architecture rtl of entity latch8 [latch8_default]
Compiling architecture rtl of entity memory32k [memory32k_default]
Compiling architecture behavioral of entity led_interface [led_interface_default]
Compiling architecture rtl of entity top_8085_with_mem
Time Resolution for simulation is 1ps.
Compiled 46 VHDL Units
Built simulation executable /home/ise/ISEshared/8085/8085/mikroislemci_8085_out6/mikroislemci_8085_out/top_8085_with_mem_isim_beh.exe
Fuse Memory Usage: 118976 KB
Fuse CPU Usage: 1810 ms
GCC CPU Usage: 1270 ms
