ISim log file
Running: /home/ise/ISEshared/8085/8085/mikroislemci_8085_out6/mikroislemci_8085_out/top_8085_with_mem_isim_beh.exe -intstyle ise -gui -tclbatch isim.cmd -wdb /home/ise/ISEshared/8085/8085/mikroislemci_8085_out6/mikroislemci_8085_out/top_8085_with_mem_isim_beh.wdb 
ISim P.20131013 (signature 0xfbc00daa)
WARNING: A WEBPACK license was found.
WARNING: Please use Xilinx License Configuration Manager to check out a full ISim license.
WARNING: ISim will run in Lite mode. Please refer to the ISim documentation for more information on the differences between the Lite and the Full version.
This is a Lite version of ISim.
Time resolution is 1 ps
# onerror resume
# wave add /
# run 1000 ns
Simulator is doing circuit initialization process.
at 0 ps, Instance /top_8085_with_mem/cpu_i/REGS_1/ : Warning: There is an 'U'|'X'|'W'|'Z'|'-' in an arithmetic operand, the result will be 'X'(es).
at 0 ps, Instance /top_8085_with_mem/cpu_i/REGS_1/ : Warning: CONV_INTEGER: There is an 'U'|'X'|'W'|'Z'|'-' in an arithmetic operand, and it has been converted to 0.
at 0 ps, Instance /top_8085_with_mem/cpu_i/REGS_1/ : Warning: CONV_INTEGER: There is an 'U'|'X'|'W'|'Z'|'-' in an arithmetic operand, and it has been converted to 0.
at 0 ps, Instance /top_8085_with_mem/ram_i/ : Warning: NUMERIC_STD.TO_INTEGER: metavalue detected, returning 0
Finished circuit initialization process.
# isim force add /top_8085_with_mem/cpu_clk_3mhz 0 -radix bin -value 1 -radix bin -time 500 ns -repeat 1 us
# restart
# isim force add /top_8085_with_mem/cpu_clk_3mhz 0 -radix bin -value 1 -radix bin -time 500 ns -repeat 1 us
# isim force add /top_8085_with_mem/reset_n 1 -radix bin
# run 1.00us
Simulator is doing circuit initialization process.
at 0 ps, Instance /top_8085_with_mem/cpu_i/REGS_1/ : Warning: CONV_INTEGER: There is an 'U'|'X'|'W'|'Z'|'-' in an arithmetic operand, and it has been converted to 0.
at 0 ps, Instance /top_8085_with_mem/cpu_i/REGS_1/ : Warning: CONV_INTEGER: There is an 'U'|'X'|'W'|'Z'|'-' in an arithmetic operand, and it has been converted to 0.
at 0 ps, Instance /top_8085_with_mem/ram_i/ : Warning: NUMERIC_STD.TO_INTEGER: metavalue detected, returning 0
Finished circuit initialization process.
at 0 ps, Instance /top_8085_with_mem/ram_i/ : Warning: NUMERIC_STD.TO_INTEGER: metavalue detected, returning 0
# isim force add /top_8085_with_mem/reset_n 0 -radix bin
# run 1.00us
# run 1.00us
# run 1.00us
# run 1.00us
# run 1.00us
# run 1.00us
# run 1.00us
# run 1.00us
# run 1.00us
# run 1.00us
# run 1.00us
