Release 14.7 - xst P.20131013 (lin64)
Copyright (c) 1995-2013 Xilinx, Inc.  All rights reserved.
--> 
Parameter TMPDIR set to xst/projnav.tmp


Total REAL time to Xst completion: 0.00 secs
Total CPU time to Xst completion: 0.00 secs
 
--> 
Parameter xsthdpdir set to xst


Total REAL time to Xst completion: 0.00 secs
Total CPU time to Xst completion: 0.00 secs
 
--> 
Reading design: top_8085_with_mem.prj

TABLE OF CONTENTS
  1) Synthesis Options Summary
  2) HDL Compilation
  3) Design Hierarchy Analysis
  4) HDL Analysis
  5) HDL Synthesis
     5.1) HDL Synthesis Report
  6) Advanced HDL Synthesis
     6.1) Advanced HDL Synthesis Report
  7) Low Level Synthesis
  8) Partition Report
  9) Final Report
	9.1) Device utilization summary
	9.2) Partition Resource Summary
	9.3) TIMING REPORT


=========================================================================
*                      Synthesis Options Summary                        *
=========================================================================
---- Source Parameters
Input File Name                    : "top_8085_with_mem.prj"
Input Format                       : mixed
Ignore Synthesis Constraint File   : NO

---- Target Parameters
Output File Name                   : "top_8085_with_mem"
Output Format                      : NGC
Target Device                      : xc3s100e-4-vq100

---- Source Options
Top Module Name                    : top_8085_with_mem
Automatic FSM Extraction           : YES
FSM Encoding Algorithm             : Auto
Safe Implementation                : No
FSM Style                          : LUT
RAM Extraction                     : Yes
RAM Style                          : Auto
ROM Extraction                     : Yes
Mux Style                          : Auto
Decoder Extraction                 : YES
Priority Encoder Extraction        : Yes
Shift Register Extraction          : YES
Logical Shifter Extraction         : YES
XOR Collapsing                     : YES
ROM Style                          : Auto
Mux Extraction                     : Yes
Resource Sharing                   : YES
Asynchronous To Synchronous        : NO
Multiplier Style                   : Auto
Automatic Register Balancing       : No

---- Target Options
Add IO Buffers                     : YES
Global Maximum Fanout              : 100000
Add Generic Clock Buffer(BUFG)     : 24
Register Duplication               : YES
Slice Packing                      : YES
Optimize Instantiated Primitives   : NO
Use Clock Enable                   : Yes
Use Synchronous Set                : Yes
Use Synchronous Reset              : Yes
Pack IO Registers into IOBs        : Auto
Equivalent register Removal        : YES

---- General Options
Optimization Goal                  : Speed
Optimization Effort                : 1
Keep Hierarchy                     : No
Netlist Hierarchy                  : As_Optimized
RTL Output                         : Yes
Global Optimization                : AllClockNets
Read Cores                         : YES
Write Timing Constraints           : NO
Cross Clock Analysis               : NO
Hierarchy Separator                : /
Bus Delimiter                      : <>
Case Specifier                     : Maintain
Slice Utilization Ratio            : 100
BRAM Utilization Ratio             : 100
Verilog 2001                       : YES
Auto BRAM Packing                  : NO
Slice Utilization Ratio Delta      : 5

=========================================================================


=========================================================================
*                          HDL Compilation                              *
=========================================================================
Compiling vhdl file "/home/ise/ISEshared/8085/8085/mikroislemci_8085_out6/mikroislemci_8085_out/clk_divider.vhd" in Library work.
Architecture rtl of Entity clk_divider_1mhz is up to date.
Compiling vhdl file "/home/ise/ISEshared/8085/8085/mikroislemci_8085_out6/mikroislemci_8085_out/cpu_8085.vhd" in Library work.
Entity <reg8> compiled.
Entity <reg8> (Architecture <behav>) compiled.
Entity <pch> compiled.
Entity <pch> (Architecture <struct>) compiled.
Entity <pcl> compiled.
Entity <pcl> (Architecture <struct>) compiled.
Entity <trans_latch> compiled.
Entity <trans_latch> (Architecture <behav>) compiled.
Entity <fulladd> compiled.
Entity <fulladd> (Architecture <behav>) compiled.
Entity <adder8> compiled.
Entity <adder8> (Architecture <struct>) compiled.
Entity <alu> compiled.
Entity <alu> (Architecture <behav>) compiled.
Entity <cellpc> compiled.
Entity <cellpc> (Architecture <behav>) compiled.
Entity <sp> compiled.
Entity <sp> (Architecture <behav>) compiled.
Entity <reg_arr> compiled.
Entity <reg_arr> (Architecture <behav>) compiled.
Entity <mux2x1_vec> compiled.
Entity <mux2x1_vec> (Architecture <behav>) compiled.
Entity <tri_arr> compiled.
Entity <tri_arr> (Architecture <behav>) compiled.
Entity <counter05> compiled.
Entity <counter05> (Architecture <behav>) compiled.
Entity <add_latch_high> compiled.
Entity <add_latch_high> (Architecture <behav>) compiled.
Entity <cpu_control> compiled.
Entity <cpu_control> (Architecture <behav>) compiled.
Entity <cpu_8085> compiled.
Entity <cpu_8085> (Architecture <behav>) compiled.
Compiling vhdl file "/home/ise/ISEshared/8085/8085/mikroislemci_8085_out6/mikroislemci_8085_out/latch8.vhd" in Library work.
Architecture rtl of Entity latch8 is up to date.
Compiling vhdl file "/home/ise/ISEshared/8085/8085/mikroislemci_8085_out6/mikroislemci_8085_out/memory32k.vhd" in Library work.
Architecture rtl of Entity memory32k is up to date.
Compiling vhdl file "/home/ise/ISEshared/8085/8085/mikroislemci_8085_out6/mikroislemci_8085_out/led_interface.vhd" in Library work.
Architecture behavioral of Entity led_interface is up to date.
Compiling vhdl file "/home/ise/ISEshared/8085/8085/mikroislemci_8085_out6/mikroislemci_8085_out/top_8085_with_mem.vhd" in Library work.
Architecture rtl of Entity top_8085_with_mem is up to date.

=========================================================================
*                     Design Hierarchy Analysis                         *
=========================================================================
Analyzing hierarchy for entity <top_8085_with_mem> in library <work> (architecture <rtl>).

Analyzing hierarchy for entity <clk_divider_1mhz> in library <work> (architecture <rtl>).

Analyzing hierarchy for entity <cpu_8085> in library <work> (architecture <behav>).

Analyzing hierarchy for entity <latch8> in library <work> (architecture <rtl>).

Analyzing hierarchy for entity <memory32k> in library <work> (architecture <rtl>).

Analyzing hierarchy for entity <led_interface> in library <work> (architecture <behavioral>).

Analyzing hierarchy for entity <trans_latch> in library <work> (architecture <behav>).

Analyzing hierarchy for entity <COUNTER05> in library <work> (architecture <behav>) with generics.
	s = 4

Analyzing hierarchy for entity <add_latch_high> in library <work> (architecture <behav>) with generics.
	n = 7

Analyzing hierarchy for entity <reg8> in library <work> (architecture <behav>) with generics.
	n = 7

Analyzing hierarchy for entity <alu> in library <work> (architecture <behav>) with generics.
	n = 7
	s = 3

Analyzing hierarchy for entity <REG_ARR> in library <work> (architecture <behav>) with generics.
	n = 7
	s = 4

Analyzing hierarchy for entity <cpu_control> in library <work> (architecture <behav>).

Analyzing hierarchy for entity <TRI_ARR> in library <work> (architecture <behav>).

Analyzing hierarchy for entity <MUX2X1_VEC> in library <work> (architecture <behav>).

Analyzing hierarchy for entity <ADDER8> in library <work> (architecture <struct>) with generics.
	n = 7

Analyzing hierarchy for entity <reg8> in library <work> (architecture <behav>) with generics.
	n = 7

Analyzing hierarchy for entity <SP> in library <work> (architecture <behav>).

Analyzing hierarchy for entity <pcl> in library <work> (architecture <struct>) with generics.
	n = 7

Analyzing hierarchy for entity <pch> in library <work> (architecture <struct>) with generics.
	n = 7

Analyzing hierarchy for entity <FULLADD> in library <work> (architecture <behav>).

Analyzing hierarchy for entity <CELLPC> in library <work> (architecture <behav>).


=========================================================================
*                            HDL Analysis                               *
=========================================================================
Analyzing Entity <top_8085_with_mem> in library <work> (Architecture <rtl>).
Entity <top_8085_with_mem> analyzed. Unit <top_8085_with_mem> generated.

Analyzing Entity <clk_divider_1mhz> in library <work> (Architecture <rtl>).
Entity <clk_divider_1mhz> analyzed. Unit <clk_divider_1mhz> generated.

Analyzing Entity <cpu_8085> in library <work> (Architecture <behav>).
Entity <cpu_8085> analyzed. Unit <cpu_8085> generated.

Analyzing Entity <trans_latch> in library <work> (Architecture <behav>).
Entity <trans_latch> analyzed. Unit <trans_latch> generated.

Analyzing generic Entity <COUNTER05> in library <work> (Architecture <behav>).
	s = 4
Entity <COUNTER05> analyzed. Unit <COUNTER05> generated.

Analyzing generic Entity <add_latch_high> in library <work> (Architecture <behav>).
	n = 7
Entity <add_latch_high> analyzed. Unit <add_latch_high> generated.

Analyzing generic Entity <reg8> in library <work> (Architecture <behav>).
	n = 7
Entity <reg8> analyzed. Unit <reg8> generated.

Analyzing generic Entity <alu> in library <work> (Architecture <behav>).
	n = 7
	s = 3
WARNING:Xst:819 - "/home/ise/ISEshared/8085/8085/mikroislemci_8085_out6/mikroislemci_8085_out/cpu_8085.vhd" line 450: One or more signals are missing in the process sensitivity list. To enable synthesis of FPGA/CPLD hardware, XST will assume that all necessary signals are present in the sensitivity list. Please note that the result of the synthesis may differ from the initial design specification. The missing signals are:
   <cin>, <dat_b_n_s>, <dat_a_n_s>
Entity <alu> analyzed. Unit <alu> generated.

Analyzing generic Entity <ADDER8> in library <work> (Architecture <struct>).
	n = 7
Entity <ADDER8> analyzed. Unit <ADDER8> generated.

Analyzing Entity <FULLADD> in library <work> (Architecture <behav>).
INFO:Xst:1561 - "/home/ise/ISEshared/8085/8085/mikroislemci_8085_out6/mikroislemci_8085_out/cpu_8085.vhd" line 293: Mux is complete : default of case is discarded
Entity <FULLADD> analyzed. Unit <FULLADD> generated.

Analyzing generic Entity <REG_ARR> in library <work> (Architecture <behav>).
	n = 7
	s = 4
WARNING:Xst:819 - "/home/ise/ISEshared/8085/8085/mikroislemci_8085_out6/mikroislemci_8085_out/cpu_8085.vhd" line 898: One or more signals are missing in the process sensitivity list. To enable synthesis of FPGA/CPLD hardware, XST will assume that all necessary signals are present in the sensitivity list. Please note that the result of the synthesis may differ from the initial design specification. The missing signals are:
   <dat_out_regA>, <dat_out_regF>, <dat_out_regB>, <dat_out_regC>, <dat_out_regD>, <dat_out_regE>, <dat_out_regH>, <dat_out_regL>, <dat_out_regSPL>, <dat_out_regSPH>, <dat_out_regPCL>, <dat_out_regPCH>, <dat_out_regW>, <dat_out_regZ>
Entity <REG_ARR> analyzed. Unit <REG_ARR> generated.

Analyzing Entity <SP> in library <work> (Architecture <behav>).
Entity <SP> analyzed. Unit <SP> generated.

Analyzing generic Entity <pcl> in library <work> (Architecture <struct>).
	n = 7
Entity <pcl> analyzed. Unit <pcl> generated.

Analyzing Entity <CELLPC> in library <work> (Architecture <behav>).
Entity <CELLPC> analyzed. Unit <CELLPC> generated.

Analyzing generic Entity <pch> in library <work> (Architecture <struct>).
	n = 7
Entity <pch> analyzed. Unit <pch> generated.

Analyzing Entity <cpu_control> in library <work> (Architecture <behav>).
Entity <cpu_control> analyzed. Unit <cpu_control> generated.

Analyzing Entity <TRI_ARR> in library <work> (Architecture <behav>).
Entity <TRI_ARR> analyzed. Unit <TRI_ARR> generated.

Analyzing Entity <MUX2X1_VEC> in library <work> (Architecture <behav>).
Entity <MUX2X1_VEC> analyzed. Unit <MUX2X1_VEC> generated.

Analyzing Entity <latch8> in library <work> (Architecture <rtl>).
Entity <latch8> analyzed. Unit <latch8> generated.

Analyzing Entity <memory32k> in library <work> (Architecture <rtl>).
Entity <memory32k> analyzed. Unit <memory32k> generated.

Analyzing Entity <led_interface> in library <work> (Architecture <behavioral>).
Entity <led_interface> analyzed. Unit <led_interface> generated.


=========================================================================
*                           HDL Synthesis                               *
=========================================================================

Performing bidirectional port resolution...

Synthesizing Unit <clk_divider_1mhz>.
    Related source file is "/home/ise/ISEshared/8085/8085/mikroislemci_8085_out6/mikroislemci_8085_out/clk_divider.vhd".
    Found 1-bit register for signal <clk_reg>.
    Found 5-bit up counter for signal <counter>.
    Summary:
	inferred   1 Counter(s).
	inferred   1 D-type flip-flop(s).
Unit <clk_divider_1mhz> synthesized.


Synthesizing Unit <latch8>.
    Related source file is "/home/ise/ISEshared/8085/8085/mikroislemci_8085_out6/mikroislemci_8085_out/latch8.vhd".
    Found 8-bit register for signal <reg_q>.
    Summary:
	inferred   8 D-type flip-flop(s).
Unit <latch8> synthesized.


Synthesizing Unit <memory32k>.
    Related source file is "/home/ise/ISEshared/8085/8085/mikroislemci_8085_out6/mikroislemci_8085_out/memory32k.vhd".
    Found 512x8-bit single-port RAM <Mram_ram> for signal <ram>.
    Found 8-bit tristate buffer for signal <data>.
    Summary:
	inferred   1 RAM(s).
	inferred   8 Tristate(s).
Unit <memory32k> synthesized.


Synthesizing Unit <led_interface>.
    Related source file is "/home/ise/ISEshared/8085/8085/mikroislemci_8085_out6/mikroislemci_8085_out/led_interface.vhd".
WARNING:Xst:647 - Input <A<15:8>> is never used. This port will be preserved and left unconnected if it belongs to a top-level block or it belongs to a sub-block and the hierarchy of this sub-block is preserved.
    Found 8-bit register for signal <led_data>.
    Summary:
	inferred   8 D-type flip-flop(s).
Unit <led_interface> synthesized.


Synthesizing Unit <trans_latch>.
    Related source file is "/home/ise/ISEshared/8085/8085/mikroislemci_8085_out6/mikroislemci_8085_out/cpu_8085.vhd".
    Found 8-bit register for signal <dat_out>.
    Summary:
	inferred   8 D-type flip-flop(s).
Unit <trans_latch> synthesized.


Synthesizing Unit <COUNTER05>.
    Related source file is "/home/ise/ISEshared/8085/8085/mikroislemci_8085_out6/mikroislemci_8085_out/cpu_8085.vhd".
    Found 5-bit register for signal <C_OUT_sig>.
    Summary:
	inferred   5 D-type flip-flop(s).
Unit <COUNTER05> synthesized.


Synthesizing Unit <reg8>.
    Related source file is "/home/ise/ISEshared/8085/8085/mikroislemci_8085_out6/mikroislemci_8085_out/cpu_8085.vhd".
    Found 8-bit register for signal <data_out>.
    Summary:
	inferred   8 D-type flip-flop(s).
Unit <reg8> synthesized.


Synthesizing Unit <cpu_control>.
    Related source file is "/home/ise/ISEshared/8085/8085/mikroislemci_8085_out6/mikroislemci_8085_out/cpu_8085.vhd".
WARNING:Xst:1305 - Output <CLK_OUT> is never assigned. Tied to value 0.
WARNING:Xst:647 - Input <SOD> is never used. This port will be preserved and left unconnected if it belongs to a top-level block or it belongs to a sub-block and the hierarchy of this sub-block is preserved.
WARNING:Xst:647 - Input <HOLD> is never used. This port will be preserved and left unconnected if it belongs to a top-level block or it belongs to a sub-block and the hierarchy of this sub-block is preserved.
WARNING:Xst:1305 - Output <HOLDA> is never assigned. Tied to value 0.
WARNING:Xst:647 - Input <ACY> is never used. This port will be preserved and left unconnected if it belongs to a top-level block or it belongs to a sub-block and the hierarchy of this sub-block is preserved.
WARNING:Xst:1305 - Output <RESETOUT> is never assigned. Tied to value 0.
WARNING:Xst:647 - Input <SID> is never used. This port will be preserved and left unconnected if it belongs to a top-level block or it belongs to a sub-block and the hierarchy of this sub-block is preserved.
Unit <cpu_control> synthesized.


Synthesizing Unit <TRI_ARR>.
    Related source file is "/home/ise/ISEshared/8085/8085/mikroislemci_8085_out6/mikroislemci_8085_out/cpu_8085.vhd".
    Found 8-bit tristate buffer for signal <data_out>.
    Summary:
	inferred   8 Tristate(s).
Unit <TRI_ARR> synthesized.


Synthesizing Unit <MUX2X1_VEC>.
    Related source file is "/home/ise/ISEshared/8085/8085/mikroislemci_8085_out6/mikroislemci_8085_out/cpu_8085.vhd".
Unit <MUX2X1_VEC> synthesized.


Synthesizing Unit <FULLADD>.
    Related source file is "/home/ise/ISEshared/8085/8085/mikroislemci_8085_out6/mikroislemci_8085_out/cpu_8085.vhd".
    Found 8x2-bit ROM for signal <A$rom0000>.
    Summary:
	inferred   1 ROM(s).
Unit <FULLADD> synthesized.


Synthesizing Unit <SP>.
    Related source file is "/home/ise/ISEshared/8085/8085/mikroislemci_8085_out6/mikroislemci_8085_out/cpu_8085.vhd".
    Found 16-bit register for signal <c_out_var>.
    Summary:
	inferred  16 D-type flip-flop(s).
Unit <SP> synthesized.


Synthesizing Unit <CELLPC>.
    Related source file is "/home/ise/ISEshared/8085/8085/mikroislemci_8085_out6/mikroislemci_8085_out/cpu_8085.vhd".
WARNING:Xst:1780 - Signal <net20> is never used or assigned. This unconnected signal will be trimmed during the optimization process.
WARNING:Xst:1780 - Signal <net16> is never used or assigned. This unconnected signal will be trimmed during the optimization process.
WARNING:Xst:1780 - Signal <net10> is never used or assigned. This unconnected signal will be trimmed during the optimization process.
    Found 1-bit register for signal <C_sig>.
    Found 1-bit 4-to-1 multiplexer for signal <C_sig$mux0000> created at line 592.
    Summary:
	inferred   1 D-type flip-flop(s).
	inferred   1 Multiplexer(s).
Unit <CELLPC> synthesized.


Synthesizing Unit <add_latch_high>.
    Related source file is "/home/ise/ISEshared/8085/8085/mikroislemci_8085_out6/mikroislemci_8085_out/cpu_8085.vhd".
WARNING:Xst:1780 - Signal <data_reg8_in> is never used or assigned. This unconnected signal will be trimmed during the optimization process.
Unit <add_latch_high> synthesized.


Synthesizing Unit <ADDER8>.
    Related source file is "/home/ise/ISEshared/8085/8085/mikroislemci_8085_out6/mikroislemci_8085_out/cpu_8085.vhd".
WARNING:Xst:1780 - Signal <cin_s<7:1>> is never used or assigned. This unconnected signal will be trimmed during the optimization process.
Unit <ADDER8> synthesized.


Synthesizing Unit <pcl>.
    Related source file is "/home/ise/ISEshared/8085/8085/mikroislemci_8085_out6/mikroislemci_8085_out/cpu_8085.vhd".
Unit <pcl> synthesized.


Synthesizing Unit <pch>.
    Related source file is "/home/ise/ISEshared/8085/8085/mikroislemci_8085_out6/mikroislemci_8085_out/cpu_8085.vhd".
Unit <pch> synthesized.


Synthesizing Unit <alu>.
    Related source file is "/home/ise/ISEshared/8085/8085/mikroislemci_8085_out6/mikroislemci_8085_out/cpu_8085.vhd".
WARNING:Xst:736 - Found 8-bit latch for signal <dat_out_var$mux0000> created at line 478. Latches may be generated from incomplete case or if statements. We do not recommend the use of latches in FPGA/CPLD designs, as they may lead to timing problems.
INFO:Xst:2371 - HDL ADVISOR - Logic functions respectively driving the data and gate enable inputs of this latch share common terms. This situation will potentially lead to setup/hold violations and, as a result, to simulation problems. This situation may come from an incomplete case statement (all selector values are not covered). You should carefully review if it was in your intentions to describe such a latch.
WARNING:Xst:737 - Found 8-bit latch for signal <B_in_s_r>. Latches may be generated from incomplete case or if statements. We do not recommend the use of latches in FPGA/CPLD designs, as they may lead to timing problems.
INFO:Xst:2371 - HDL ADVISOR - Logic functions respectively driving the data and gate enable inputs of this latch share common terms. This situation will potentially lead to setup/hold violations and, as a result, to simulation problems. This situation may come from an incomplete case statement (all selector values are not covered). You should carefully review if it was in your intentions to describe such a latch.
WARNING:Xst:737 - Found 1-bit latch for signal <cin_arith>. Latches may be generated from incomplete case or if statements. We do not recommend the use of latches in FPGA/CPLD designs, as they may lead to timing problems.
INFO:Xst:2371 - HDL ADVISOR - Logic functions respectively driving the data and gate enable inputs of this latch share common terms. This situation will potentially lead to setup/hold violations and, as a result, to simulation problems. This situation may come from an incomplete case statement (all selector values are not covered). You should carefully review if it was in your intentions to describe such a latch.
WARNING:Xst:737 - Found 8-bit latch for signal <A_in_s_r>. Latches may be generated from incomplete case or if statements. We do not recommend the use of latches in FPGA/CPLD designs, as they may lead to timing problems.
INFO:Xst:2371 - HDL ADVISOR - Logic functions respectively driving the data and gate enable inputs of this latch share common terms. This situation will potentially lead to setup/hold violations and, as a result, to simulation problems. This situation may come from an incomplete case statement (all selector values are not covered). You should carefully review if it was in your intentions to describe such a latch.
    Found 1-bit xor8 for signal <PARITY>.
    Found 8-bit xor2 for signal <dat_out_var$xor0000> created at line 462.
    Summary:
	inferred   1 Xor(s).
Unit <alu> synthesized.


Synthesizing Unit <REG_ARR>.
    Related source file is "/home/ise/ISEshared/8085/8085/mikroislemci_8085_out6/mikroislemci_8085_out/cpu_8085.vhd".
WARNING:Xst:646 - Signal <load_F> is assigned but never used. This unconnected signal will be trimmed during the optimization process.
    Found 16x14-bit ROM for signal <load_VECTOR$mux0001>.
    Summary:
	inferred   1 ROM(s).
Unit <REG_ARR> synthesized.


Synthesizing Unit <cpu_8085>.
    Related source file is "/home/ise/ISEshared/8085/8085/mikroislemci_8085_out6/mikroislemci_8085_out/cpu_8085.vhd".
WARNING:Xst:647 - Input <X1> is never used. This port will be preserved and left unconnected if it belongs to a top-level block or it belongs to a sub-block and the hierarchy of this sub-block is preserved.
WARNING:Xst:647 - Input <X2> is never used. This port will be preserved and left unconnected if it belongs to a top-level block or it belongs to a sub-block and the hierarchy of this sub-block is preserved.
WARNING:Xst:646 - Signal <L_OUT_S> is assigned but never used. This unconnected signal will be trimmed during the optimization process.
WARNING:Xst:646 - Signal <LOW_ADD> is assigned but never used. This unconnected signal will be trimmed during the optimization process.
WARNING:Xst:646 - Signal <F_OUT_S<5>> is assigned but never used. This unconnected signal will be trimmed during the optimization process.
WARNING:Xst:646 - Signal <F_OUT_S<3>> is assigned but never used. This unconnected signal will be trimmed during the optimization process.
WARNING:Xst:646 - Signal <F_OUT_S<1>> is assigned but never used. This unconnected signal will be trimmed during the optimization process.
WARNING:Xst:646 - Signal <E_OUT_S> is assigned but never used. This unconnected signal will be trimmed during the optimization process.
WARNING:Xst:646 - Signal <C_OUT_S> is assigned but never used. This unconnected signal will be trimmed during the optimization process.
    Found 1-bit register for signal <cnm>.
    Summary:
	inferred   1 D-type flip-flop(s).
Unit <cpu_8085> synthesized.


Synthesizing Unit <top_8085_with_mem>.
    Related source file is "/home/ise/ISEshared/8085/8085/mikroislemci_8085_out6/mikroislemci_8085_out/top_8085_with_mem.vhd".
WARNING:Xst:646 - Signal <s1> is assigned but never used. This unconnected signal will be trimmed during the optimization process.
WARNING:Xst:646 - Signal <s0> is assigned but never used. This unconnected signal will be trimmed during the optimization process.
WARNING:Xst:646 - Signal <RESETOUT> is assigned but never used. This unconnected signal will be trimmed during the optimization process.
WARNING:Xst:646 - Signal <INTA> is assigned but never used. This unconnected signal will be trimmed during the optimization process.
WARNING:Xst:646 - Signal <HOLDA> is assigned but never used. This unconnected signal will be trimmed during the optimization process.
WARNING:Xst:646 - Signal <CLK_OUT> is assigned but never used. This unconnected signal will be trimmed during the optimization process.
Unit <top_8085_with_mem> synthesized.

WARNING:Xst:524 - All outputs of the instance <LOW_ADD_LATCH> of the block <trans_latch> are unconnected in block <cpu_8085>.
   This instance will be removed from the design along with all underlying logic

=========================================================================
HDL Synthesis Report

Macro Statistics
# RAMs                                                 : 1
 512x8-bit single-port RAM                             : 1
# ROMs                                                 : 9
 16x14-bit ROM                                         : 1
 8x2-bit ROM                                           : 8
# Counters                                             : 1
 5-bit up counter                                      : 1
# Registers                                            : 54
 1-bit register                                        : 39
 8-bit register                                        : 15
# Latches                                              : 4
 1-bit latch                                           : 1
 8-bit latch                                           : 3
# Multiplexers                                         : 16
 1-bit 4-to-1 multiplexer                              : 16
# Tristates                                            : 4
 8-bit tristate buffer                                 : 4
# Xors                                                 : 2
 1-bit xor8                                            : 1
 8-bit xor2                                            : 1

=========================================================================

=========================================================================
*                       Advanced HDL Synthesis                          *
=========================================================================


Synthesizing (advanced) Unit <memory32k>.
INFO:Xst:3218 - HDL ADVISOR - The RAM <Mram_ram> will be implemented on LUTs either because you have described an asynchronous read or because of currently unsupported block RAM features. If you have described an asynchronous read, making it synchronous would allow you to take advantage of available block RAM resources, for optimized device usage and improved timings. Please refer to your documentation for coding guidelines.
    -----------------------------------------------------------------------
    | ram_type           | Distributed                         |          |
    -----------------------------------------------------------------------
    | Port A                                                              |
    |     aspect ratio   | 512-word x 8-bit                    |          |
    |     clkA           | connected to signal <clk>           | rise     |
    |     weA            | connected to signal <dbg_wr>        | high     |
    |     addrA          | connected to signal <addr>          |          |
    |     diA            | connected to signal <data>          |          |
    |     doA            | connected to signal <dout>          |          |
    -----------------------------------------------------------------------
Unit <memory32k> synthesized (advanced).

=========================================================================
Advanced HDL Synthesis Report

Macro Statistics
# RAMs                                                 : 1
 512x8-bit single-port distributed RAM                 : 1
# ROMs                                                 : 9
 16x14-bit ROM                                         : 1
 8x2-bit ROM                                           : 8
# Counters                                             : 1
 5-bit up counter                                      : 1
# Registers                                            : 159
 Flip-Flops                                            : 159
# Latches                                              : 4
 1-bit latch                                           : 1
 8-bit latch                                           : 3
# Multiplexers                                         : 16
 1-bit 4-to-1 multiplexer                              : 16
# Xors                                                 : 2
 1-bit xor8                                            : 1
 8-bit xor2                                            : 1

=========================================================================

=========================================================================
*                         Low Level Synthesis                           *
=========================================================================
WARNING:Xst:2042 - Unit memory32k: 8 internal tristates are replaced by logic (pull-up yes): data<0>, data<1>, data<2>, data<3>, data<4>, data<5>, data<6>, data<7>.
WARNING:Xst:2042 - Unit TRI_ARR: 8 internal tristates are replaced by logic (pull-up yes): data_out<0>, data_out<1>, data_out<2>, data_out<3>, data_out<4>, data_out<5>, data_out<6>, data_out<7>.

Optimizing unit <top_8085_with_mem> ...

Optimizing unit <cpu_control> ...

Optimizing unit <latch8> ...

Optimizing unit <led_interface> ...

Optimizing unit <trans_latch> ...

Optimizing unit <COUNTER05> ...

Optimizing unit <reg8> ...

Optimizing unit <SP> ...

Optimizing unit <add_latch_high> ...

Optimizing unit <ADDER8> ...

Optimizing unit <pcl> ...

Optimizing unit <pch> ...

Optimizing unit <alu> ...

Optimizing unit <REG_ARR> ...

Mapping all equations...
Building and optimizing final netlist ...
INFO:Xst:2261 - The FF/Latch <cpu_i/REGS_1/REG_F/data_out_3> in Unit <top_8085_with_mem> is equivalent to the following FF/Latch, which will be removed : <cpu_i/REGS_1/REG_F/data_out_4> 
INFO:Xst:2261 - The FF/Latch <cpu_i/REGS_1/REG_F/data_out_1> in Unit <top_8085_with_mem> is equivalent to the following FF/Latch, which will be removed : <cpu_i/REGS_1/REG_F/data_out_2> 
INFO:Xst:2261 - The FF/Latch <cpu_i/REGS_1/REG_F/data_out_5> in Unit <top_8085_with_mem> is equivalent to the following FF/Latch, which will be removed : <cpu_i/REGS_1/REG_F/data_out_6> 
Found area constraint ratio of 100 (+ 5) on block top_8085_with_mem, actual ratio is 64.
FlipFlop cpu_i/COUNTER_1/C_OUT_sig_0 has been replicated 1 time(s)
FlipFlop cpu_i/COUNTER_1/C_OUT_sig_1 has been replicated 1 time(s)
FlipFlop cpu_i/COUNTER_1/C_OUT_sig_2 has been replicated 1 time(s)
FlipFlop cpu_i/COUNTER_1/C_OUT_sig_4 has been replicated 1 time(s)
FlipFlop cpu_i/REG_ID/data_out_0 has been replicated 1 time(s)
FlipFlop cpu_i/REG_ID/data_out_1 has been replicated 2 time(s)
FlipFlop cpu_i/REG_ID/data_out_2 has been replicated 2 time(s)
FlipFlop cpu_i/REG_ID/data_out_3 has been replicated 2 time(s)
FlipFlop cpu_i/REG_ID/data_out_4 has been replicated 2 time(s)
FlipFlop cpu_i/REG_ID/data_out_5 has been replicated 2 time(s)
FlipFlop cpu_i/REG_ID/data_out_6 has been replicated 2 time(s)
FlipFlop cpu_i/REG_ID/data_out_7 has been replicated 2 time(s)

Final Macro Processing ...

=========================================================================
Final Register Report

Macro Statistics
# Registers                                            : 180
 Flip-Flops                                            : 180

=========================================================================

=========================================================================
*                           Partition Report                            *
=========================================================================

Partition Implementation Status
-------------------------------

  No Partitions were found in this design.

-------------------------------

=========================================================================
*                            Final Report                               *
=========================================================================
Final Results
RTL Top Level Output File Name     : top_8085_with_mem.ngr
Top Level Output File Name         : top_8085_with_mem
Output Format                      : NGC
Optimization Goal                  : Speed
Keep Hierarchy                     : No

Design Statistics
# IOs                              : 31

Cell Usage :
# BELS                             : 1089
#      GND                         : 1
#      INV                         : 3
#      LUT2                        : 51
#      LUT2_D                      : 11
#      LUT2_L                      : 2
#      LUT3                        : 193
#      LUT3_D                      : 15
#      LUT3_L                      : 9
#      LUT4                        : 522
#      LUT4_D                      : 50
#      LUT4_L                      : 76
#      MUXF5                       : 131
#      MUXF6                       : 16
#      MUXF7                       : 8
#      VCC                         : 1
# FlipFlops/Latches                : 205
#      FD                          : 1
#      FDC                         : 39
#      FDCE                        : 132
#      FDE                         : 8
#      LD                          : 25
# RAMS                             : 128
#      RAM32X1S                    : 128
# Clock Buffers                    : 2
#      BUFG                        : 1
#      BUFGP                       : 1
# IO Buffers                       : 30
#      IBUF                        : 1
#      OBUF                        : 29
=========================================================================

Device utilization summary:
---------------------------

Selected Device : 3s100evq100-4 

 Number of Slices:                      618  out of    960    64%  
 Number of Slice Flip Flops:            205  out of   1920    10%  
 Number of 4 input LUTs:               1188  out of   1920    61%  
    Number used as logic:               932
    Number used as RAMs:                256
 Number of IOs:                          31
 Number of bonded IOBs:                  31  out of     66    46%  
 Number of GCLKs:                         2  out of     24     8%  

---------------------------
Partition Resource Summary:
---------------------------

  No Partitions were found in this design.

---------------------------


=========================================================================
TIMING REPORT

NOTE: THESE TIMING NUMBERS ARE ONLY A SYNTHESIS ESTIMATE.
      FOR ACCURATE TIMING INFORMATION PLEASE REFER TO THE TRACE REPORT
      GENERATED AFTER PLACE-and-ROUTE.

Clock Information:
------------------
-----------------------------------------------------------------+-------------------------------------------+-------+
Clock Signal                                                     | Clock buffer(FF name)                     | Load  |
-----------------------------------------------------------------+-------------------------------------------+-------+
clk                                                              | BUFGP                                     | 6     |
clk_div_i/clk_reg1                                               | BUFG                                      | 302   |
cpu_i/ALU_1/dat_out_var_or0000(cpu_i/ALU_1/dat_out_var_or00001:O)| NONE(*)(cpu_i/ALU_1/dat_out_var_mux0000_7)| 9     |
cpu_i/ALU_1/B_in_s_r_not0001(cpu_i/ALU_1/B_in_s_r_not00011:O)    | NONE(*)(cpu_i/ALU_1/B_in_s_r_7)           | 16    |
-----------------------------------------------------------------+-------------------------------------------+-------+
(*) These 2 clock signal(s) are generated by combinatorial logic,
and XST is not able to identify which are the primary clock signals.
Please use the CLOCK_SIGNAL constraint to specify the clock signal(s) generated by combinatorial logic.
INFO:Xst:2169 - HDL ADVISOR - Some clock signals were not automatically buffered by XST with BUFG/BUFR resources. Please use the buffer_type constraint in order to insert these buffers to the clock signals to help prevent skew problems.

Asynchronous Control Signals Information:
----------------------------------------
-----------------------------------+------------------------+-------+
Control Signal                     | Buffer(FF name)        | Load  |
-----------------------------------+------------------------+-------+
reset_n                            | IBUF                   | 171   |
-----------------------------------+------------------------+-------+

Timing Summary:
---------------
Speed Grade: -4

   Minimum period: 27.904ns (Maximum Frequency: 35.837MHz)
   Minimum input arrival time before clock: No path found
   Maximum output required time after clock: 19.778ns
   Maximum combinational path delay: No path found

Timing Detail:
--------------
All values displayed in nanoseconds (ns)

=========================================================================
Timing constraint: Default period analysis for Clock 'clk'
  Clock period: 4.874ns (frequency: 205.170MHz)
  Total number of paths / destination ports: 35 / 7
-------------------------------------------------------------------------
Delay:               4.874ns (Levels of Logic = 3)
  Source:            clk_div_i/counter_2 (FF)
  Destination:       clk_div_i/counter_4 (FF)
  Source Clock:      clk rising
  Destination Clock: clk rising

  Data Path: clk_div_i/counter_2 to clk_div_i/counter_4
                                Gate     Net
    Cell:in->out      fanout   Delay   Delay  Logical Name (Net Name)
    ----------------------------------------  ------------
     FDC:C->Q              3   0.591   0.706  clk_div_i/counter_2 (clk_div_i/counter_2)
     LUT2:I0->O            2   0.704   0.451  clk_div_i/counter_cmp_eq0000_SW0 (N01)
     LUT4:I3->O            3   0.704   0.706  clk_div_i/counter_cmp_eq0000 (clk_div_i/counter_cmp_eq0000)
     LUT4:I0->O            1   0.704   0.000  clk_div_i/Mcount_counter_xor<4>11 (clk_div_i/Mcount_counter4)
     FDC:D                     0.308          clk_div_i/counter_4
    ----------------------------------------
    Total                      4.874ns (3.011ns logic, 1.863ns route)
                                       (61.8% logic, 38.2% route)

=========================================================================
Timing constraint: Default period analysis for Clock 'clk_div_i/clk_reg1'
  Clock period: 27.904ns (frequency: 35.837MHz)
  Total number of paths / destination ports: 7794758 / 1197
-------------------------------------------------------------------------
Delay:               13.952ns (Levels of Logic = 11)
  Source:            cpu_i/REG_ID/data_out_0 (FF)
  Destination:       cpu_i/REG_T/data_out_6 (FF)
  Source Clock:      clk_div_i/clk_reg1 rising
  Destination Clock: clk_div_i/clk_reg1 falling

  Data Path: cpu_i/REG_ID/data_out_0 to cpu_i/REG_T/data_out_6
                                Gate     Net
    Cell:in->out      fanout   Delay   Delay  Logical Name (Net Name)
    ----------------------------------------  ------------
     FDCE:C->Q            66   0.591   1.277  cpu_i/REG_ID/data_out_0 (cpu_i/REG_ID/data_out_0)
     LUT4:I3->O            1   0.704   0.455  cpu_i/CONTROL_1/CONTROL_WORD_mux0001<3>3115_SW0 (N533)
     LUT3:I2->O            1   0.704   0.000  cpu_i/CONTROL_1/CONTROL_WORD_mux0001<3>3149_G (N793)
     MUXF5:I1->O           2   0.321   0.451  cpu_i/CONTROL_1/CONTROL_WORD_mux0001<3>3149 (cpu_i/CONTROL_1/CONTROL_WORD_mux0001<3>3149)
     LUT4_L:I3->LO         1   0.704   0.104  cpu_i/CONTROL_1/CONTROL_WORD_mux0001<0>1158_SW0 (N402)
     LUT4:I3->O            4   0.704   0.666  cpu_i/CONTROL_1/CONTROL_WORD_mux0001<0>1158 (cpu_i/CONTROL_1/N38)
     LUT4:I1->O           18   0.704   1.147  cpu_i/CONTROL_1/CONTROL_WORD_mux0001<2>112_1 (cpu_i/CONTROL_1/CONTROL_WORD_mux0001<2>1121)
     LUT3_D:I1->O         15   0.704   1.021  cpu_i/CONTROL_1/CONTROL_WORD_mux0001<2>122_1 (cpu_i/CONTROL_1/CONTROL_WORD_mux0001<2>122)
     LUT4:I3->O            1   0.704   0.499  cpu_i/REGS_1/DAT_OUT<6>37_SW0_SW2 (N699)
     LUT4:I1->O            1   0.704   0.000  cpu_i/REGS_1/DAT_OUT<6>37_F (N798)
     MUXF5:I0->O           1   0.321   0.455  cpu_i/REGS_1/DAT_OUT<6>37 (cpu_i/REGS_1/DAT_OUT<6>37)
     LUT4:I2->O            3   0.704   0.000  cpu_i/REGS_1/DAT_OUT<6>98 (cpu_i/REG_ARR_OUT_BUS<6>)
     FDCE:D                    0.308          cpu_i/REG_T/data_out_6
    ----------------------------------------
    Total                     13.952ns (7.877ns logic, 6.075ns route)
                                       (56.5% logic, 43.5% route)

=========================================================================
Timing constraint: Default period analysis for Clock 'cpu_i/ALU_1/dat_out_var_or0000'
  Clock period: 12.132ns (frequency: 82.427MHz)
  Total number of paths / destination ports: 8 / 8
-------------------------------------------------------------------------
Delay:               12.132ns (Levels of Logic = 9)
  Source:            cpu_i/ALU_1/cin_arith (LATCH)
  Destination:       cpu_i/ALU_1/dat_out_var_mux0000_7 (LATCH)
  Source Clock:      cpu_i/ALU_1/dat_out_var_or0000 falling
  Destination Clock: cpu_i/ALU_1/dat_out_var_or0000 falling

  Data Path: cpu_i/ALU_1/cin_arith to cpu_i/ALU_1/dat_out_var_mux0000_7
                                Gate     Net
    Cell:in->out      fanout   Delay   Delay  Logical Name (Net Name)
    ----------------------------------------  ------------
     LD:G->Q               2   0.676   0.526  cpu_i/ALU_1/cin_arith (cpu_i/ALU_1/cin_arith)
     LUT3:I1->O            2   0.704   0.622  cpu_i/ALU_1/A8_1/ADD0/Mrom_A_rom0000111 (cpu_i/ALU_1/A8_1/ADD0/Mrom_A_rom00001)
     LUT3:I0->O            2   0.704   0.526  cpu_i/ALU_1/A8_1/G1[1].ADD1/Mrom_A_rom0000111 (cpu_i/ALU_1/A8_1/G1[1].ADD1/Mrom_A_rom00001)
     LUT3:I1->O            2   0.704   0.526  cpu_i/ALU_1/A8_1/G1[2].ADD1/Mrom_A_rom0000111 (cpu_i/ALU_1/A8_1/G1[2].ADD1/Mrom_A_rom00001)
     LUT3:I1->O            3   0.704   0.610  cpu_i/ALU_1/A8_1/G1[3].ADD1/Mrom_A_rom0000111 (cpu_i/ACY_S)
     LUT3:I1->O            2   0.704   0.526  cpu_i/ALU_1/A8_1/G1[4].ADD1/Mrom_A_rom0000111 (cpu_i/ALU_1/A8_1/G1[4].ADD1/Mrom_A_rom00001)
     LUT3:I1->O            2   0.704   0.526  cpu_i/ALU_1/A8_1/G1[5].ADD1/Mrom_A_rom0000111 (cpu_i/ALU_1/A8_1/G1[5].ADD1/Mrom_A_rom00001)
     LUT3:I1->O            2   0.704   0.451  cpu_i/ALU_1/A8_1/G1[6].ADD1/Mrom_A_rom0000111 (cpu_i/ALU_1/A8_1/G1[6].ADD1/Mrom_A_rom00001)
     LUT4:I3->O            1   0.704   0.499  cpu_i/ALU_1/dat_out_var_mux0001<7>133 (cpu_i/ALU_1/dat_out_var_mux0001<7>133)
     LUT2:I1->O            1   0.704   0.000  cpu_i/ALU_1/dat_out_var_mux0001<7>134 (cpu_i/ALU_1/dat_out_var_mux0001<7>)
     LD:D                      0.308          cpu_i/ALU_1/dat_out_var_mux0000_7
    ----------------------------------------
    Total                     12.132ns (7.320ns logic, 4.812ns route)
                                       (60.3% logic, 39.7% route)

=========================================================================
Timing constraint: Default OFFSET OUT AFTER for Clock 'clk_div_i/clk_reg1'
  Total number of paths / destination ports: 148878 / 28
-------------------------------------------------------------------------
Offset:              19.778ns (Levels of Logic = 14)
  Source:            cpu_i/REG_ID/data_out_0 (FF)
  Destination:       dbg_db<6> (PAD)
  Source Clock:      clk_div_i/clk_reg1 rising

  Data Path: cpu_i/REG_ID/data_out_0 to dbg_db<6>
                                Gate     Net
    Cell:in->out      fanout   Delay   Delay  Logical Name (Net Name)
    ----------------------------------------  ------------
     FDCE:C->Q            66   0.591   1.277  cpu_i/REG_ID/data_out_0 (cpu_i/REG_ID/data_out_0)
     LUT4:I3->O            1   0.704   0.455  cpu_i/CONTROL_1/CONTROL_WORD_mux0001<3>3115_SW0 (N533)
     LUT3:I2->O            1   0.704   0.000  cpu_i/CONTROL_1/CONTROL_WORD_mux0001<3>3149_G (N793)
     MUXF5:I1->O           2   0.321   0.451  cpu_i/CONTROL_1/CONTROL_WORD_mux0001<3>3149 (cpu_i/CONTROL_1/CONTROL_WORD_mux0001<3>3149)
     LUT4_L:I3->LO         1   0.704   0.104  cpu_i/CONTROL_1/CONTROL_WORD_mux0001<0>1158_SW0 (N402)
     LUT4:I3->O            4   0.704   0.666  cpu_i/CONTROL_1/CONTROL_WORD_mux0001<0>1158 (cpu_i/CONTROL_1/N38)
     LUT4:I1->O           18   0.704   1.147  cpu_i/CONTROL_1/CONTROL_WORD_mux0001<2>112_1 (cpu_i/CONTROL_1/CONTROL_WORD_mux0001<2>1121)
     LUT3_D:I1->O         15   0.704   1.021  cpu_i/CONTROL_1/CONTROL_WORD_mux0001<2>122_1 (cpu_i/CONTROL_1/CONTROL_WORD_mux0001<2>122)
     LUT4:I3->O            1   0.704   0.499  cpu_i/REGS_1/DAT_OUT<6>37_SW0_SW2 (N699)
     LUT4:I1->O            1   0.704   0.000  cpu_i/REGS_1/DAT_OUT<6>37_F (N798)
     MUXF5:I0->O           1   0.321   0.455  cpu_i/REGS_1/DAT_OUT<6>37 (cpu_i/REGS_1/DAT_OUT<6>37)
     LUT4:I2->O            3   0.704   0.535  cpu_i/REGS_1/DAT_OUT<6>98 (cpu_i/REG_ARR_OUT_BUS<6>)
     LUT4_D:I3->O          1   0.704   0.499  data_bus<6>LogicTrst21 (data_bus<6>LogicTrst21)
     LUT4:I1->O            1   0.704   0.420  ram_i/dbg_db<6>1 (dbg_db_6_OBUF)
     OBUF:I->O                 3.272          dbg_db_6_OBUF (dbg_db<6>)
    ----------------------------------------
    Total                     19.778ns (12.249ns logic, 7.529ns route)
                                       (61.9% logic, 38.1% route)

=========================================================================
Timing constraint: Default OFFSET OUT AFTER for Clock 'cpu_i/ALU_1/dat_out_var_or0000'
  Total number of paths / destination ports: 8 / 8
-------------------------------------------------------------------------
Offset:              7.083ns (Levels of Logic = 3)
  Source:            cpu_i/ALU_1/dat_out_var_mux0000_7 (LATCH)
  Destination:       dbg_db<7> (PAD)
  Source Clock:      cpu_i/ALU_1/dat_out_var_or0000 falling

  Data Path: cpu_i/ALU_1/dat_out_var_mux0000_7 to dbg_db<7>
                                Gate     Net
    Cell:in->out      fanout   Delay   Delay  Logical Name (Net Name)
    ----------------------------------------  ------------
     LD:G->Q               5   0.676   0.808  cpu_i/ALU_1/dat_out_var_mux0000_7 (cpu_i/ALU_1/dat_out_var_mux0000_7)
     LUT4_D:I0->O          1   0.704   0.499  data_bus<7>LogicTrst21 (data_bus<7>LogicTrst21)
     LUT4:I1->O            1   0.704   0.420  ram_i/dbg_db<7>1 (dbg_db_7_OBUF)
     OBUF:I->O                 3.272          dbg_db_7_OBUF (dbg_db<7>)
    ----------------------------------------
    Total                      7.083ns (5.356ns logic, 1.727ns route)
                                       (75.6% logic, 24.4% route)

=========================================================================


Total REAL time to Xst completion: 11.00 secs
Total CPU time to Xst completion: 5.77 secs
 
--> 


Total memory usage is 639596 kilobytes

Number of errors   :    0 (   0 filtered)
Number of warnings :   38 (   0 filtered)
Number of infos    :   10 (   0 filtered)

