--------------------------------------------------------------------------------
Release 14.7 Trace  (lin64)
Copyright (c) 1995-2013 Xilinx, Inc.  All rights reserved.

/opt/Xilinx/14.7/ISE_DS/ISE/bin/lin64/unwrapped/trce -intstyle ise -v 3 -s 4 -n
3 -fastpaths -xml top_8085_with_mem.twx top_8085_with_mem.ncd -o
top_8085_with_mem.twr top_8085_with_mem.pcf -ucf cnm.ucf

Design file:              top_8085_with_mem.ncd
Physical constraint file: top_8085_with_mem.pcf
Device,package,speed:     xc3s100e,vq100,-4 (PRODUCTION 1.27 2013-10-13)
Report level:             verbose report

Environment Variable      Effect 
--------------------      ------ 
NONE                      No environment variables were set
--------------------------------------------------------------------------------

INFO:Timing:2698 - No timing constraints found, doing default enumeration.
INFO:Timing:3412 - To improve timing, see the Timing Closure User Guide (UG612).
INFO:Timing:2752 - To get complete path coverage, use the unconstrained paths 
   option. All paths that are not constrained will be reported in the 
   unconstrained paths section(s) of the report.
INFO:Timing:3339 - The clock-to-out numbers in this timing report are based on 
   a 50 Ohm transmission line loading model.  For the details of this model, 
   and for more information on accounting for different loading conditions, 
   please see the device datasheet.
INFO:Timing:3390 - This architecture does not support a default System Jitter 
   value, please add SYSTEM_JITTER constraint to the UCF to modify the Clock 
   Uncertainty calculation.
INFO:Timing:3389 - This architecture does not support 'Discrete Jitter' and 
   'Phase Error' calculations, these terms will be zero in the Clock 
   Uncertainty calculation.  Please make appropriate modification to 
   SYSTEM_JITTER to account for the unsupported Discrete Jitter and Phase 
   Error.



Data Sheet report:
-----------------
All values displayed in nanoseconds (ns)

Clock clk to Pad
------------+------------+------------------+--------+
            | clk (edge) |                  | Clock  |
Destination |   to PAD   |Internal Clock(s) | Phase  |
------------+------------+------------------+--------+
cnm         |    7.769(R)|clk_BUFGP         |   0.000|
dbg_addr<0> |    9.360(R)|clk_BUFGP         |   0.000|
dbg_addr<1> |    9.141(R)|clk_BUFGP         |   0.000|
dbg_addr<2> |    8.817(R)|clk_BUFGP         |   0.000|
dbg_addr<3> |    8.616(R)|clk_BUFGP         |   0.000|
dbg_addr<4> |    8.699(R)|clk_BUFGP         |   0.000|
dbg_addr<5> |    7.798(R)|clk_BUFGP         |   0.000|
dbg_addr<6> |    9.247(R)|clk_BUFGP         |   0.000|
dbg_addr<7> |    8.622(R)|clk_BUFGP         |   0.000|
dbg_addr<8> |    7.685(R)|clk_BUFGP         |   0.000|
dbg_db<0>   |   22.357(R)|clk_BUFGP         |   0.000|
dbg_db<1>   |   23.690(R)|clk_BUFGP         |   0.000|
dbg_db<2>   |   24.397(R)|clk_BUFGP         |   0.000|
dbg_db<3>   |   24.232(R)|clk_BUFGP         |   0.000|
dbg_db<4>   |   23.029(R)|clk_BUFGP         |   0.000|
dbg_db<5>   |   23.792(R)|clk_BUFGP         |   0.000|
dbg_db<6>   |   22.950(R)|clk_BUFGP         |   0.000|
dbg_db<7>   |   23.482(R)|clk_BUFGP         |   0.000|
dbg_rd      |   18.273(R)|clk_BUFGP         |   0.000|
dbg_wr      |   17.568(R)|clk_BUFGP         |   0.000|
led_out<0>  |    7.626(R)|clk_BUFGP         |   0.000|
led_out<1>  |    7.011(R)|clk_BUFGP         |   0.000|
led_out<2>  |    7.010(R)|clk_BUFGP         |   0.000|
led_out<3>  |    7.014(R)|clk_BUFGP         |   0.000|
led_out<4>  |    8.058(R)|clk_BUFGP         |   0.000|
led_out<5>  |    8.431(R)|clk_BUFGP         |   0.000|
led_out<6>  |    8.239(R)|clk_BUFGP         |   0.000|
led_out<7>  |    8.325(R)|clk_BUFGP         |   0.000|
------------+------------+------------------+--------+

Clock to Setup on destination clock clk
---------------+---------+---------+---------+---------+
               | Src:Rise| Src:Fall| Src:Rise| Src:Fall|
Source Clock   |Dest:Rise|Dest:Rise|Dest:Fall|Dest:Fall|
---------------+---------+---------+---------+---------+
clk            |   16.960|         |         |         |
---------------+---------+---------+---------+---------+


Analysis completed Thu Dec  4 11:18:28 2025 
--------------------------------------------------------------------------------

Trace Settings:
-------------------------
Trace Settings 

Peak Memory Usage: 346 MB



