Command line:
   memory32k_isim_beh.exe
     -simmode  gui
     -simrunnum  0
     -socket  55832

Fri Dec 26 08:53:00 2025


 Elaboration Time: 0.06 sec

 Current Memory Usage: 199.66 Meg

 Total Signals          : 13
 Total Nets             : 4146
 Total Signal Drivers   : 8
 Total Blocks           : 3
 Total Primitive Blocks : 3
 Total Processes        : 8
 Total Traceable Variables  : 13
 Total Scalar Nets and Variables : 4629
Total Line Count : 10

 Total Simulation Time: 0.08 sec

 Current Memory Usage: 277.258 Meg

Fri Dec 26 08:53:06 2025

