Command line:
   top_8085_with_mem_isim_beh.exe
     -simmode  gui
     -simrunnum  0
     -socket  46048

Wed Dec  3 20:55:06 2025


 Elaboration Time: 0.11 sec

 Current Memory Usage: 201.47 Meg

 Total Signals          : 581
 Total Nets             : 4769
 Total Signal Drivers   : 188
 Total Blocks           : 81
 Total Primitive Blocks : 52
 Total Processes        : 138
 Total Traceable Variables  : 59
 Total Scalar Nets and Variables : 5321
Total Line Count : 880
Total Line Count : 880
Total Line Count : 880
Total Line Count : 880

 Total Simulation Time: 0.36 sec

 Current Memory Usage: 279.069 Meg

Wed Dec  3 21:12:23 2025

