Command line:
   cpu_8085_isim_beh.exe
     -simmode  gui
     -simrunnum  0
     -socket  39686

Thu Dec 11 14:59:26 2025


 Elaboration Time: 0.08 sec

 Current Memory Usage: 197.726 Meg

 Total Signals          : 516
 Total Nets             : 590
 Total Signal Drivers   : 169
 Total Blocks           : 76
 Total Primitive Blocks : 48
 Total Processes        : 119
 Total Traceable Variables  : 53
 Total Scalar Nets and Variables : 1011
Total Line Count : 862

 Total Simulation Time: 0.11 sec

 Current Memory Usage: 275.325 Meg

Thu Dec 11 14:59:34 2025

