AR cellpc behav /home/ise/ISEshared/mikroislemci_8085_out6/mikroislemci_8085_out/cpu_8085.vhd sub00/vhpl15 1764847051
EN cpu_8085 NULL /home/ise/ISEshared/mikroislemci_8085_out6/mikroislemci_8085_out/cpu_8085.vhd sub00/vhpl30 1764847066
AR reg8 behav /home/ise/ISEshared/mikroislemci_8085_out6/mikroislemci_8085_out/cpu_8085.vhd sub00/vhpl01 1764847037
AR cpu_8085 behav /home/ise/ISEshared/mikroislemci_8085_out6/mikroislemci_8085_out/cpu_8085.vhd sub00/vhpl31 1764847067
AR adder8 struct /home/ise/ISEshared/mikroislemci_8085_out6/mikroislemci_8085_out/cpu_8085.vhd sub00/vhpl11 1764847047
AR top_8085_with_mem rtl /home/ise/ISEshared/mikroislemci_8085_out6/mikroislemci_8085_out/top_8085_with_mem.vhd sub00/vhpl37 1764847075
AR counter05 behav /home/ise/ISEshared/mikroislemci_8085_out6/mikroislemci_8085_out/cpu_8085.vhd sub00/vhpl25 1764847061
AR latch8 rtl /home/ise/ISEshared/mikroislemci_8085_out6/mikroislemci_8085_out/latch8.vhd sub00/vhpl33 1764847069
AR memory32k rtl /home/ise/ISEshared/mikroislemci_8085_out6/mikroislemci_8085_out/memory32k.vhd sub00/vhpl35 1764847071
EN cellpc NULL /home/ise/ISEshared/mikroislemci_8085_out6/mikroislemci_8085_out/cpu_8085.vhd sub00/vhpl14 1764847050
AR add_latch_high behav /home/ise/ISEshared/mikroislemci_8085_out6/mikroislemci_8085_out/cpu_8085.vhd sub00/vhpl27 1764847063
EN top_8085_with_mem NULL /home/ise/ISEshared/mikroislemci_8085_out6/mikroislemci_8085_out/top_8085_with_mem.vhd sub00/vhpl36 1764847074
AR trans_latch behav /home/ise/ISEshared/mikroislemci_8085_out6/mikroislemci_8085_out/cpu_8085.vhd sub00/vhpl07 1764847043
AR alu behav /home/ise/ISEshared/mikroislemci_8085_out6/mikroislemci_8085_out/cpu_8085.vhd sub00/vhpl13 1764847049
AR cpu_control behav /home/ise/ISEshared/mikroislemci_8085_out6/mikroislemci_8085_out/cpu_8085.vhd sub00/vhpl29 1764847065
EN adder8 NULL /home/ise/ISEshared/mikroislemci_8085_out6/mikroislemci_8085_out/cpu_8085.vhd sub00/vhpl10 1764847046
EN sp NULL /home/ise/ISEshared/mikroislemci_8085_out6/mikroislemci_8085_out/cpu_8085.vhd sub00/vhpl16 1764847052
AR tri_arr behav /home/ise/ISEshared/mikroislemci_8085_out6/mikroislemci_8085_out/cpu_8085.vhd sub00/vhpl23 1764847059
EN fulladd NULL /home/ise/ISEshared/mikroislemci_8085_out6/mikroislemci_8085_out/cpu_8085.vhd sub00/vhpl08 1764847044
AR led_interface behavioral /home/ise/ISEshared/mikroislemci_8085_out6/mikroislemci_8085_out/led_interface.vhd sub00/vhpl39 1764847073
EN pch NULL /home/ise/ISEshared/mikroislemci_8085_out6/mikroislemci_8085_out/cpu_8085.vhd sub00/vhpl02 1764847038
EN pcl NULL /home/ise/ISEshared/mikroislemci_8085_out6/mikroislemci_8085_out/cpu_8085.vhd sub00/vhpl04 1764847040
AR reg_arr behav /home/ise/ISEshared/mikroislemci_8085_out6/mikroislemci_8085_out/cpu_8085.vhd sub00/vhpl19 1764847055
EN mux2x1_vec NULL /home/ise/ISEshared/mikroislemci_8085_out6/mikroislemci_8085_out/cpu_8085.vhd sub00/vhpl20 1764847056
EN tri_arr NULL /home/ise/ISEshared/mikroislemci_8085_out6/mikroislemci_8085_out/cpu_8085.vhd sub00/vhpl22 1764847058
EN cpu_control NULL /home/ise/ISEshared/mikroislemci_8085_out6/mikroislemci_8085_out/cpu_8085.vhd sub00/vhpl28 1764847064
AR fulladd behav /home/ise/ISEshared/mikroislemci_8085_out6/mikroislemci_8085_out/cpu_8085.vhd sub00/vhpl09 1764847045
AR pch struct /home/ise/ISEshared/mikroislemci_8085_out6/mikroislemci_8085_out/cpu_8085.vhd sub00/vhpl03 1764847039
AR sp behav /home/ise/ISEshared/mikroislemci_8085_out6/mikroislemci_8085_out/cpu_8085.vhd sub00/vhpl17 1764847053
EN latch8 NULL /home/ise/ISEshared/mikroislemci_8085_out6/mikroislemci_8085_out/latch8.vhd sub00/vhpl32 1764847068
EN reg_arr NULL /home/ise/ISEshared/mikroislemci_8085_out6/mikroislemci_8085_out/cpu_8085.vhd sub00/vhpl18 1764847054
EN led_interface NULL /home/ise/ISEshared/mikroislemci_8085_out6/mikroislemci_8085_out/led_interface.vhd sub00/vhpl38 1764847072
AR mux2x1_vec behav /home/ise/ISEshared/mikroislemci_8085_out6/mikroislemci_8085_out/cpu_8085.vhd sub00/vhpl21 1764847057
EN memory32k NULL /home/ise/ISEshared/mikroislemci_8085_out6/mikroislemci_8085_out/memory32k.vhd sub00/vhpl34 1764847070
EN reg8 NULL /home/ise/ISEshared/mikroislemci_8085_out6/mikroislemci_8085_out/cpu_8085.vhd sub00/vhpl00 1764847036
AR pcl struct /home/ise/ISEshared/mikroislemci_8085_out6/mikroislemci_8085_out/cpu_8085.vhd sub00/vhpl05 1764847041
EN trans_latch NULL /home/ise/ISEshared/mikroislemci_8085_out6/mikroislemci_8085_out/cpu_8085.vhd sub00/vhpl06 1764847042
EN alu NULL /home/ise/ISEshared/mikroislemci_8085_out6/mikroislemci_8085_out/cpu_8085.vhd sub00/vhpl12 1764847048
EN add_latch_high NULL /home/ise/ISEshared/mikroislemci_8085_out6/mikroislemci_8085_out/cpu_8085.vhd sub00/vhpl26 1764847062
EN counter05 NULL /home/ise/ISEshared/mikroislemci_8085_out6/mikroislemci_8085_out/cpu_8085.vhd sub00/vhpl24 1764847060
